../Src/main.c:82:5:main	144	static
../Src/main.c:184:6:SystemClock_Config	72	static
../Src/main.c:224:13:MX_TIM4_Init	64	static
../Src/main.c:283:13:MX_USART1_UART_Init	8	static
../Src/main.c:316:13:MX_GPIO_Init	40	static
../Src/main.c:355:6:StartDefaultTask	24	static
../Src/main.c:377:6:input_data	16	static
../Src/main.c:395:6:servo_cotrol	16	static
../Src/main.c:413:6:feedback	16	static
../Src/main.c:432:6:HAL_TIM_PeriodElapsedCallback	16	static
../Src/main.c:450:6:Error_Handler	4	static,ignoring_inline_asm
